$ vite build && tsc --noEmit
(node:131132) [DEP0040] DeprecationWarning: The `punycode` module is deprecated. Please use a userland alternative instead.
(Use `node --trace-deprecation ...` to show where the warning was created)
vite v8.2.2 building client environment for production...
transforming...
✓ 139 modules transformed.
rendering chunks...
computing gzip size...
dist/client/.assetsignore                  0.02 kB
dist/client/assets/app-DjQRwOHC.css        5.90 kB │ gzip:   2.00 kB
dist/client/assets/admin-C9qxUsFu.js       0.43 kB │ gzip:   0.26 kB
dist/client/assets/settings-th_T6N_i.js    0.44 kB │ gzip:   0.26 kB
dist/client/assets/inbox-BYvCjYWh.js       0.60 kB │ gzip:   0.32 kB
dist/client/assets/compose-CrLuWzf_.js     0.61 kB │ gzip:   0.31 kB
dist/client/assets/register-BTu-o2JL.js    0.62 kB │ gzip:   0.34 kB
dist/client/assets/login-CQ0GGBzB.js       0.73 kB │ gzip:   0.37 kB
dist/client/assets/setup-B8sWxjPJ.js       0.80 kB │ gzip:   0.39 kB
dist/client/assets/routes-P7zCn04q.js      1.27 kB │ gzip:   0.51 kB
dist/client/assets/index-oKhe3Fr3.js     313.94 kB │ gzip: 100.52 kB

✓ built in 430ms
vite v8.2.2 building ssr environment for production...
transforming...
✓ 324 modules transformed.
rendering chunks...
computing gzip size...
dist/server/wrangler.json                                    1.44 kB │ gzip:   0.72 kB
dist/server/.vite/manifest.json                              4.89 kB │ gzip:   0.83 kB
dist/server/assets/app-DjQRwOHC.css                          5.90 kB │ gzip:   2.00 kB
dist/server/assets/start-BRont_2I.js                         0.15 kB │ gzip:   0.13 kB
dist/server/assets/empty-plugin-adapters-CykxgOdX.js         0.23 kB │ gzip:   0.16 kB
dist/server/assets/admin-sljeZy3O.js                         0.87 kB │ gzip:   0.40 kB
dist/server/assets/settings-CtLBuZif.js                      0.88 kB │ gzip:   0.40 kB
dist/server/assets/inbox-B9NvBgNF.js                         1.22 kB │ gzip:   0.48 kB
dist/server/assets/compose-BWdijB-C.js                       1.29 kB │ gzip:   0.44 kB
dist/server/assets/register-BPbykNPs.js                      1.32 kB │ gzip:   0.49 kB
dist/server/assets/login-DlBLIOX5.js                         1.51 kB │ gzip:   0.53 kB
dist/server/assets/setup-BEqmU0ss.js                         1.67 kB │ gzip:   0.55 kB
dist/server/assets/_tanstack-start-manifest_v-Cr-54fZ5.js    1.86 kB │ gzip:   0.52 kB
dist/server/assets/routes-Cgjp_kDk.js                        2.36 kB │ gzip:   0.70 kB
dist/server/assets/jsx-runtime-BvzeWk4O.js                   2.79 kB │ gzip:   1.18 kB
dist/server/assets/useStore-Bm4EtlUe.js                     64.23 kB │ gzip:  17.66 kB
dist/server/assets/Match-IJjeH8Cs.js                       106.76 kB │ gzip:  25.49 kB
dist/server/assets/router-eApk0beX.js                      250.08 kB │ gzip:  57.55 kB
dist/server/index.js                                       662.27 kB │ gzip: 135.93 kB

✓ built in 524ms
